// Jest Snapshot v1, https://goo.gl/fbAQLP

exports[`test for the component GitExpertApp Render component succesfully 1`] = `
<div>
  <h1>
    Expert Gif 
  </h1>
  <form
    aria-label="form"
  >
    <input
      placeholder="Buscar gifs..."
      type="text"
      value=""
    />
  </form>
  <h3>
    Deat Note
  </h3>
  <h2>
    Loading...
  </h2>
  <div
    class="card-grid"
  />
</div>
`;

exports[`test for the component GitExpertApp Render title for the component 1`] = `
<div>
  <h1>
    Expert Gif 
  </h1>
  <form
    aria-label="form"
  >
    <input
      placeholder="Buscar gifs..."
      type="text"
      value=""
    />
  </form>
  <h3>
    Deat Note
  </h3>
  <h2>
    Loading...
  </h2>
  <div
    class="card-grid"
  />
</div>
`;

exports[`test for the component GitExpertApp change value for the input value 1`] = `
<div>
  <h1>
    Expert Gif 
  </h1>
  <form
    aria-label="form"
  >
    <input
      placeholder="Buscar gifs..."
      type="text"
      value=""
    />
  </form>
  <h3>
    Deat Note
  </h3>
  <h2>
    Loading...
  </h2>
  <div
    class="card-grid"
  />
</div>
`;
